[2m00:45:23[22m [34m[@astrojs/netlify][39m Enabling sessions with Netlify Blobs
[vite] connected.
[2m00:45:29[22m [34m[vite][39m Environment loaded
[2m00:45:29[22m [34m[vite][39m Middleware loaded. Emulating features: aiGateway, blobs, database, edgeFunctions, functions, geolocation, headers, images, redirects, static.
[2m00:45:29[22m [34m[vite][39m 💭 Linking this project to a Netlify site lets you deploy your site, use any environment variables defined on your team and site and much more. Run npx netlify init to get started.
[2m00:45:29[22m [34m[types][39m Generated [2m2ms[22m
[2m00:45:29[22m [34m[vite][39m Re-optimizing dependencies because vite config has changed
[42m[1m astro [22m[49m [32mv6.4.2[39m [2mready in[22m 54556 [2mms[22m
[2m┃[22m Local    [36mhttp://localhost:4321/[39m
[2m┃[22m Network  [36mhttp://26.42.69.27:4321/[39m
           [36mhttp://100.83.139.102:4321/[39m
           [36mhttp://192.168.0.5:4321/[39m
[2m00:45:30[22m [32mwatching for file changes...[39m
[2m00:45:40[22m [34m[200][39m / [2m125ms[22m
[2m00:45:40[22m [34m[200][39m / [2m5ms[22m
[2m00:45:40[22m [34m[200][39m / [2m5ms[22m
[2m00:45:40[22m [34m[200][39m / [2m4ms[22m
[2m00:45:40[22m [34m[200][39m / [2m3ms[22m
[2m00:46:50[22m [34m[200][39m /inicio [2m2005ms[22m
[2m00:46:50[22m [34m[vite][39m [32m✨ new dependencies optimized: [33mgsap, gsap/ScrollTrigger[32m[39m
[2m00:46:50[22m [34m[vite][39m [32m✨ optimized dependencies changed. reloading[39m
[2m00:46:51[22m [34m[200][39m /inicio [2m265ms[22m
[2m00:47:37[22m [34m[200][39m / [2m3ms[22m
[2m00:47:44[22m [34m[200][39m /inicio [2m560ms[22m
[2m00:50:19[22m [34m[200][39m /contacto [2m17ms[22m
[2m00:50:35[22m [34m[200][39m /quienes-somos [2m18ms[22m
[2m00:55:32[22m [34m[watch][39m src/components/Footer.astro
[2m00:55:33[22m [34m[200][39m /quienes-somos [2m20ms[22m
[2m00:55:34[22m [34m[200][39m /inicio [2m1554ms[22m
[2m00:56:09[22m [34m[200][39m /inicio [2m546ms[22m
[2m00:56:09[22m [34m[200][39m /contacto [2m11ms[22m
[2m00:56:10[22m [34m[200][39m /investigacion [2m19ms[22m
[2m00:56:10[22m [34m[200][39m /quienes-somos [2m6ms[22m
[2m00:56:11[22m [34m[200][39m /publicaciones [2m531ms[22m
[2m00:56:22[22m [34m[200][39m /quienes-somos [2m6ms[22m
[2m00:56:29[22m [34m[200][39m /quienes-somos [2m9ms[22m
[2m00:56:36[22m [34m[200][39m /quienes-somos [2m7ms[22m
[2m00:57:27[22m [34m[watch][39m src/pages/quienes-somos.astro
[2m00:57:27[22m [34m[200][39m /quienes-somos [2m17ms[22m
[2m00:57:28[22m [34m[200][39m /inicio [2m687ms[22m
[2m00:57:46[22m [34m[200][39m /quienes-somos [2m7ms[22m
[2m00:57:53[22m [34m[200][39m /quienes-somos [2m7ms[22m
[2m00:57:53[22m [34m[200][39m /quienes-somos [2m9ms[22m
[2m00:57:58[22m [34m[200][39m /quienes-somos [2m7ms[22m
[2m00:57:59[22m [34m[200][39m /quienes-somos [2m6ms[22m
[2m00:57:59[22m [34m[200][39m /quienes-somos [2m10ms[22m
[2m00:59:33[22m [34m[watch][39m /src/pages/quienes-somos.astro?astro&type=style&index=0&lang.css
[2m00:59:33[22m [34m[watch][39m src/pages/quienes-somos.astro
[vite] program reload
[2m01:00:03[22m [34m[200][39m /quienes-somos [2m25ms[22m
[2m01:00:06[22m [34m[200][39m /investigacion [2m7ms[22m
[2m01:00:23[22m [34m[watch][39m src/components/Footer.astro
[2m01:00:24[22m [34m[200][39m /quienes-somos [2m21ms[22m
[2m01:00:24[22m [34m[200][39m /investigacion [2m22ms[22m
[2m01:00:26[22m [34m[200][39m /inicio [2m1606ms[22m
[2m01:00:36[22m [34m[200][39m /quienes-somos [2m8ms[22m
[2m01:00:39[22m [34m[200][39m /investigacion [2m4ms[22m
[2m01:00:55[22m [34m[watch][39m /src/pages/quienes-somos.astro?astro&type=style&index=0&lang.css
[2m01:00:55[22m [34m[watch][39m src/pages/quienes-somos.astro
[vite] program reload
[2m01:01:06[22m [34m[200][39m /quienes-somos [2m17ms[22m
[2m01:01:24[22m [34m[200][39m /investigacion [2m7ms[22m
[2m01:01:26[22m [34m[200][39m /quienes-somos [2m8ms[22m
[2m01:01:35[22m [34m[200][39m /contacto [2m12ms[22m
[2m01:01:44[22m [34m[watch][39m src/pages/investigacion.astro
[2m01:01:44[22m [34m[200][39m /contacto [2m7ms[22m
[2m01:01:44[22m [34m[200][39m /inicio [2m554ms[22m
[2m01:01:45[22m [34m[200][39m /quienes-somos [2m7ms[22m
[2m01:01:45[22m [34m[200][39m /inicio [2m239ms[22m
[2m01:02:00[22m [34m[watch][39m src/pages/investigacion.astro
[2m01:02:01[22m [34m[200][39m /quienes-somos [2m7ms[22m
[2m01:02:01[22m [34m[200][39m /inicio [2m568ms[22m
[2m01:02:01[22m [34m[200][39m /inicio [2m537ms[22m
[2m17:38:22[22m [34m[200][39m /inicio [2m5560ms[22m
[2m17:44:43[22m [34m[watch][39m src/pages/inicio.astro
[2m17:44:46[22m [34m[200][39m /inicio [2m1228ms[22m
[2m17:44:46[22m [34m[200][39m /inicio [2m1244ms[22m
[2m17:48:04[22m [34m[watch][39m src/pages/inicio.astro
[2m17:48:06[22m [34m[200][39m /inicio [2m1297ms[22m
[2m17:48:06[22m [34m[200][39m /inicio [2m1305ms[22m
[2m17:48:09[22m [34m[watch][39m /src/pages/inicio.astro?astro&type=style&index=0&lang.css
[2m17:48:09[22m [34m[watch][39m src/pages/inicio.astro
[vite] program reload
[2m17:51:43[22m [34m[watch][39m /src/pages/inicio.astro?astro&type=style&index=0&lang.css
[2m17:51:43[22m [34m[watch][39m src/pages/inicio.astro
[vite] program reload
[2m17:53:32[22m [34m[watch][39m src/pages/inicio.astro
[2m17:53:33[22m [34m[200][39m /inicio [2m621ms[22m
[2m17:53:33[22m [34m[200][39m /inicio [2m635ms[22m
[2m17:53:36[22m [34m[watch][39m src/pages/inicio.astro
[2m17:53:37[22m [34m[200][39m /inicio [2m270ms[22m
[2m17:53:37[22m [34m[200][39m /inicio [2m278ms[22m
[2m18:00:29[22m [34m[200][39m /investigacion [2m56ms[22m
[2m18:00:32[22m [34m[200][39m /quienes-somos [2m21ms[22m
[2m18:02:24[22m [34m[watch][39m src/pages/inicio.astro
[2m18:02:24[22m [34m[200][39m /quienes-somos [2m9ms[22m
[2m18:02:27[22m [34m[200][39m /inicio [2m2126ms[22m
[2m18:02:49[22m [34m[200][39m /inicio [2m538ms[22m
[2m18:04:11[22m [34m[200][39m /investigacion [2m5ms[22m
[2m18:05:12[22m [34m[watch][39m src/pages/investigacion.astro
[2m18:05:13[22m [34m[200][39m /investigacion [2m23ms[22m
[2m18:05:14[22m [34m[200][39m /inicio [2m1701ms[22m
[2m18:06:37[22m [34m[watch][39m src/pages/investigacion.astro
[2m18:06:38[22m [34m[200][39m /investigacion [2m19ms[22m
[2m18:06:38[22m [34m[200][39m /inicio [2m579ms[22m
[2m18:07:48[22m [34m[watch][39m src/pages/investigacion.astro
[2m18:07:48[22m [34m[200][39m /investigacion [2m18ms[22m
[2m18:07:49[22m [34m[200][39m /inicio [2m558ms[22m
[2m18:08:30[22m [34m[watch][39m src/pages/investigacion.astro
[2m18:08:31[22m [34m[200][39m /investigacion [2m10ms[22m
[2m18:08:31[22m [34m[200][39m /inicio [2m1080ms[22m
[2m18:08:47[22m [34m[200][39m /investigacion [2m4ms[22m
[2m18:10:04[22m [34m[watch][39m src/components/Footer.astro
[2m18:10:05[22m [34m[200][39m /investigacion [2m35ms[22m
[2m18:10:05[22m [34m[200][39m /inicio [2m604ms[22m
[2m18:10:17[22m [34m[watch][39m src/pages/inicio.astro
[2m18:10:17[22m [34m[watch][39m src/pages/contacto.astro
[2m18:10:18[22m [34m[200][39m /investigacion [2m6ms[22m
[2m18:10:18[22m [34m[200][39m /inicio [2m568ms[22m
[2m18:10:29[22m [34m[watch][39m src/pages/inicio.astro
[2m18:10:29[22m [34m[watch][39m src/pages/contacto.astro
[2m18:10:29[22m [34m[watch][39m src/components/Footer.astro
[2m18:10:29[22m [34m[200][39m /investigacion [2m12ms[22m
[2m18:10:31[22m [34m[200][39m /inicio [2m640ms[22m
[2m18:12:48[22m [34m[200][39m /inicio [2m1545ms[22m
[2m18:13:35[22m [34m[watch][39m src/pages/inicio.astro
[2m18:13:35[22m [34m[watch][39m src/pages/contacto.astro
[2m18:13:35[22m [34m[watch][39m src/components/Footer.astro
[2m18:13:38[22m [34m[200][39m /inicio [2m743ms[22m
[2m18:13:38[22m [34m[200][39m /inicio [2m777ms[22m
[2m18:15:55[22m [34m[watch][39m /src/components/Footer.astro?astro&type=style&index=0&lang.css
[2m18:15:55[22m [34m[watch][39m src/components/Footer.astro
[vite] program reload
[2m18:17:09[22m [34m[watch][39m src/components/Footer.astro
[2m18:17:11[22m [34m[200][39m /inicio [2m1035ms[22m
[2m18:17:11[22m [34m[200][39m /inicio [2m1283ms[22m
[2m18:19:23[22m [34m[watch][39m src/pages/investigacion.astro
[2m18:19:25[22m [34m[200][39m /inicio [2m845ms[22m
[2m18:19:25[22m [34m[200][39m /inicio [2m1537ms[22m
[2m18:19:30[22m [34m[watch][39m src/pages/investigacion.astro
[2m18:19:31[22m [34m[200][39m /inicio [2m538ms[22m
[2m18:19:32[22m [34m[200][39m /inicio [2m235ms[22m
[2m18:19:49[22m [34m[200][39m /investigacion [2m16ms[22m
[2m18:20:54[22m [34m[watch][39m src/pages/investigacion.astro
[2m18:20:54[22m [34m[200][39m /investigacion [2m34ms[22m
[2m18:20:55[22m [34m[200][39m /inicio [2m565ms[22m
[2m18:21:04[22m [34m[watch][39m /src/pages/investigacion.astro?astro&type=style&index=0&lang.css
[2m18:21:04[22m [34m[watch][39m src/pages/investigacion.astro
[vite] program reload
[2m18:21:52[22m [34m[watch][39m src/components/Footer.astro
[2m18:21:52[22m [34m[200][39m /investigacion [2m20ms[22m
[2m18:21:53[22m [34m[200][39m /inicio [2m568ms[22m
[2m18:22:41[22m [34m[200][39m /investigacion [2m4ms[22m
[2m18:22:43[22m [34m[watch][39m /src/pages/investigacion.astro?astro&type=style&index=0&lang.css
[2m18:22:43[22m [34m[watch][39m src/pages/investigacion.astro
[vite] program reload
[2m18:24:25[22m [34m[watch][39m src/components/Footer.astro
[2m18:24:25[22m [34m[200][39m /investigacion [2m18ms[22m
[2m18:24:27[22m [34m[200][39m /inicio [2m1635ms[22m
[2m18:26:10[22m [34m[watch][39m src/components/Footer.astro
[2m18:26:10[22m [34m[200][39m /investigacion [2m16ms[22m
[2m18:26:11[22m [34m[200][39m /inicio [2m671ms[22m
[2m18:32:33[22m [34m[200][39m /inicio [2m1622ms[22m
[2m18:33:09[22m [34m[watch][39m /src/components/Footer.astro?astro&type=style&index=0&lang.css
[2m18:33:09[22m [34m[watch][39m src/components/Footer.astro
[vite] program reload
[2m18:33:09[22m [34m[200][39m /contacto [2m22ms[22m
[2m18:36:04[22m [34m[watch][39m /src/components/Footer.astro?astro&type=style&index=0&lang.css
[2m18:36:04[22m [34m[watch][39m src/components/Footer.astro
[vite] program reload
[2m18:36:39[22m [34m[watch][39m src/pages/inicio.astro
[2m18:36:39[22m [34m[watch][39m src/pages/contacto.astro
[2m18:36:40[22m [34m[200][39m /contacto [2m11ms[22m
[2m18:36:42[22m [34m[200][39m /inicio [2m1631ms[22m
[2m19:09:30[22m Configuration file updated. Restarting...
[2m19:09:30[22m [34m[@astrojs/netlify][39m Enabling sessions with Netlify Blobs
[vite] connected.
[33m[1m19:09:33[22m [WARN] [vite][39m ⚠ Warning: Multiple instances of @netlify/vite-plugin have been loaded. This may cause unexpected behavior if the plugin is configured differently in each instance. If you have one instance of this plugin in your Vite config, you may safely remove it.
[2m19:09:36[22m [34m[vite][39m Environment loaded
[2m19:09:36[22m [34m[vite][39m Middleware loaded. Emulating features: aiGateway, blobs, database, edgeFunctions, functions, geolocation, headers, images, redirects, static.
[2m19:09:36[22m [34m[vite][39m 💭 Linking this project to a Netlify site lets you deploy your site, use any environment variables defined on your team and site and much more. Run npx netlify init to get started.
[2m19:09:38[22m [34m[vite][39m Re-optimizing dependencies because lockfile has changed
[2m19:09:38[22m [34m[vite][39m server restarted.
[2m19:09:41[22m [34m[200][39m /inicio [2m1677ms[22m
[2m19:09:42[22m [34m[vite][39m [32m✨ new dependencies optimized: [33mgsap, gsap/ScrollTrigger[32m[39m
[2m19:09:42[22m [34m[vite][39m [32m✨ optimized dependencies changed. reloading[39m
[2m19:11:13[22m Configuration file updated. Restarting...
[2m19:11:14[22m [34m[@astrojs/netlify][39m Enabling sessions with Netlify Blobs
[vite] connected.
[2m19:11:15[22m [34m[vite][39m Environment loaded
[2m19:11:15[22m [34m[vite][39m Middleware loaded. Emulating features: aiGateway, blobs, database, edgeFunctions, functions, geolocation, headers, images, redirects, static.
[2m19:11:15[22m [34m[vite][39m 💭 Linking this project to a Netlify site lets you deploy your site, use any environment variables defined on your team and site and much more. Run npx netlify init to get started.
[2m19:11:15[22m [34m[vite][39m Re-optimizing dependencies because vite config has changed
[2m19:11:15[22m [34m[vite][39m server restarted.
[2m19:11:17[22m [34m[200][39m /inicio [2m667ms[22m
[2m19:11:18[22m [34m[vite][39m [32m✨ new dependencies optimized: [33mgsap, gsap/ScrollTrigger[32m[39m
[2m19:11:18[22m [34m[vite][39m [32m✨ optimized dependencies changed. reloading[39m
