
> frontend@0.0.1 dev
> astro dev --host 127.0.0.1 --port 4321 --strictPort

[2m00:50:45[22m [34m[@astrojs/netlify][39m Enabling sessions with Netlify Blobs
[vite] connected.
[2m00:50:50[22m [34m[vite][39m Environment loaded
[2m00:50:50[22m [34m[vite][39m Middleware loaded. Emulating features: aiGateway, blobs, database, edgeFunctions, functions, geolocation, headers, images, redirects, static.
[2m00:50:50[22m [34m[vite][39m 💭 Linking this project to a Netlify site lets you deploy your site, use any environment variables defined on your team and site and much more. Run npx netlify init to get started.
[2m00:50:50[22m [34m[types][39m Generated [2m2ms[22m
[2m00:50:52[22m [34m[vite][39m Re-optimizing dependencies because vite config has changed
[42m[1m astro [22m[49m [32mv6.4.2[39m [2mready in[22m 17262 [2mms[22m
[2m┃[22m Local    [36mhttp://127.0.0.1:4321/[39m
[2m00:50:52[22m [32mwatching for file changes...[39m

[43m[30m update [39m[49m [33m▶ New version of Astro available: 7.0.3[39m
  Run [36mnpx @astrojs/upgrade[39m to update

[2m00:51:17[22m [34m[200][39m / [2m60ms[22m
[2m00:52:02[22m [34m[200][39m / [2m10ms[22m
[2m00:52:02[22m [34m[vite][39m [32m✨ new dependencies optimized: [33mgsap, gsap/ScrollTrigger[32m[39m
[2m00:52:02[22m [34m[vite][39m [32m✨ optimized dependencies changed. reloading[39m
[2m00:52:02[22m [34m[200][39m / [2m7ms[22m
[2m00:52:14[22m [34m[200][39m /index2 [2m17ms[22m
[2m00:57:02[22m [34m[200][39m /index2 [2m25ms[22m
[2m00:57:04[22m [34m[watch][39m /src/styles/global.css?direct
[2m00:57:08[22m [34m[watch][39m src/components/Nav.astro
[2m00:57:08[22m [34m[200][39m /index2 [2m17ms[22m
[2m01:04:02[22m [34m[watch][39m /src/components/Nav.astro?astro&type=style&index=0&lang.css
[2m01:04:02[22m [34m[watch][39m src/components/Nav.astro
[vite] program reload
[2m01:12:09[22m [34m[watch][39m /src/styles/global.css?direct
[2m01:12:09[22m [33m[404][39m /src/styles/global.css [2m36ms[22m
[2m01:13:05[22m [34m[watch][39m /src/styles/global.css?direct
[2m01:13:13[22m [34m[200][39m /index2 [2m17ms[22m
[2m01:13:55[22m [34m[watch][39m src/pages/index.astro
[2m01:13:56[22m [34m[200][39m /index2 [2m9ms[22m
[2m01:14:05[22m [34m[watch][39m src/pages/index2.astro
[2m01:14:06[22m [34m[200][39m /index2 [2m18ms[22m
[2m01:15:47[22m [34m[200][39m /index2 [2m5ms[22m
[2m01:21:22[22m [34m[watch][39m src/pages/index2.astro
[2m01:21:40[22m [34m[watch][39m src/pages/index2.astro
[2m01:21:41[22m [34m[200][39m /index2 [2m23ms[22m
[2m01:21:54[22m [34m[watch][39m src/pages/index2.astro
[2m01:21:55[22m [34m[200][39m /index2 [2m16ms[22m
[2m01:22:08[22m [34m[watch][39m /src/pages/index2.astro?astro&type=style&index=0&lang.css
[2m01:22:08[22m [34m[watch][39m src/pages/index2.astro
[vite] program reload
[2m01:22:15[22m [34m[watch][39m /src/pages/index2.astro?astro&type=style&index=0&lang.css
[2m01:22:15[22m [34m[watch][39m src/pages/index2.astro
[vite] program reload
[2m01:28:06[22m [34m[watch][39m /src/pages/index2.astro?astro&type=style&index=0&lang.css
[2m01:28:06[22m [34m[watch][39m src/pages/index2.astro
[vite] program reload
[2m01:28:21[22m [34m[watch][39m /src/pages/index2.astro?astro&type=style&index=0&lang.css
[2m01:28:21[22m [34m[watch][39m src/pages/index2.astro
[vite] program reload
[2m01:28:47[22m [34m[200][39m /index2 [2m12ms[22m
[2m01:32:23[22m [34m[watch][39m public/indexfig.html
[2m01:33:01[22m [34m[watch][39m src/pages/index2.astro
[2m01:33:02[22m [34m[200][39m /index2 [2m29ms[22m
[2m01:33:07[22m [34m[watch][39m src/pages/index2.astro
[2m01:33:08[22m [34m[200][39m /index2 [2m15ms[22m
[2m01:33:21[22m [34m[watch][39m src/pages/index2.astro
[2m01:33:22[22m [34m[200][39m /index2 [2m13ms[22m
[2m01:33:30[22m [34m[watch][39m /src/pages/index2.astro?astro&type=style&index=0&lang.css
[2m01:33:30[22m [34m[watch][39m src/pages/index2.astro
[vite] program reload
[2m01:33:39[22m [34m[watch][39m /src/components/Nav.astro?astro&type=style&index=0&lang.css
[2m01:33:39[22m [34m[watch][39m src/components/Nav.astro
[vite] program reload
[2m01:35:19[22m [34m[200][39m /index2 [2m11ms[22m
[2m01:35:24[22m [33m[404][39m /indexfig [2m11ms[22m
[2m01:35:54[22m [34m[200][39m / [2m19ms[22m
[2m01:35:54[22m [34m[200][39m / [2m5ms[22m
[2m01:42:35[22m [34m[watch][39m public/indexfig.html
[2m01:49:08[22m [34m[watch][39m public/indexfig.html
[2m01:49:23[22m [34m[watch][39m public/indexfig.html
[2m01:59:10[22m [34m[watch][39m public/indexfig.html
[2m01:59:21[22m [34m[watch][39m public/indexfig.html
[2m02:03:21[22m [34m[watch][39m public/indexfig.html
[2m02:08:31[22m [34m[watch][39m public/indexfig.html
[2m02:10:01[22m [34m[watch][39m public/indexfig.html
[2m02:11:28[22m [34m[200][39m / [2m7ms[22m
[2m02:11:33[22m [34m[200][39m /index2 [2m6ms[22m
[2m02:13:18[22m [34m[watch][39m public/indexfig.html
[2m02:16:32[22m [34m[watch][39m public/indexfig.html
[2m11:01:04[22m [34m[watch][39m public/indexfig.html
[2m11:01:24[22m [34m[watch][39m public/indexfig.html
[2m11:02:42[22m [34m[watch][39m public/indexfig.html
[2m12:31:24[22m [34m[200][39m /index2 [2m31ms[22m
[2m12:32:46[22m [34m[watch][39m public/indexfig.html
[2m13:41:32[22m [34m[watch][39m public/indexfig.html
[2m13:45:52[22m [34m[watch][39m public/indexfig.html
[2m17:57:42[22m [34m[watch][39m src/pages/index2.astro
[2m17:57:43[22m [34m[200][39m /index2 [2m48ms[22m
[2m17:58:06[22m [34m[watch][39m /src/pages/index2.astro?astro&type=style&index=0&lang.css
[2m17:58:06[22m [34m[watch][39m src/pages/index2.astro
[vite] program reload
[2m17:58:31[22m [34m[watch][39m src/pages/index2.astro
[2m17:58:31[22m [34m[200][39m /index2 [2m25ms[22m
[2m18:06:39[22m [34m[200][39m /index2 [2m8ms[22m
[2m18:08:07[22m [34m[watch][39m src/pages/index2.astro
[2m18:08:07[22m [34m[200][39m /index2 [2m24ms[22m
[2m18:08:07[22m [34m[200][39m /index2 [2m25ms[22m
[2m18:08:47[22m [34m[watch][39m /src/pages/index2.astro?astro&type=style&index=0&lang.css
[2m18:08:47[22m [34m[watch][39m src/pages/index2.astro
[vite] program reload
[2m18:13:09[22m [34m[200][39m /index2 [2m14ms[22m
[2m18:14:37[22m [34m[watch][39m src/pages/index2.astro
[2m18:14:37[22m [34m[200][39m /index2 [2m18ms[22m
[2m18:15:19[22m [34m[200][39m /index2 [2m5ms[22m
[2m18:19:01[22m [34m[watch][39m src/pages/index2.astro
[2m18:19:02[22m [33m[404][39m /index2 [2m11ms[22m
[2m18:19:15[22m [34m[watch][39m src/pages/index2.astro
[2m18:19:15[22m [34m[200][39m /index2 [2m23ms[22m
[2m18:19:43[22m [34m[watch][39m src/pages/index2.astro
[2m18:19:44[22m [34m[200][39m /index2 [2m10ms[22m
[2m18:20:40[22m [34m[200][39m /index2 [2m3ms[22m
[2m18:21:06[22m [34m[200][39m /index2 [2m2ms[22m
[2m18:21:12[22m [34m[200][39m /index2 [2m2ms[22m
[2m18:22:21[22m [34m[watch][39m public/indexfig.html
[2m18:26:09[22m [34m[200][39m /index2 [2m4ms[22m
[2m18:26:13[22m [34m[200][39m /index2 [2m2ms[22m
[2m18:26:25[22m [34m[200][39m /index2 [2m4ms[22m
[2m18:27:35[22m [34m[watch][39m src/pages/index2.astro
[2m18:27:36[22m [34m[200][39m /index2 [2m11ms[22m
[2m18:27:36[22m [34m[200][39m /index2 [2m11ms[22m
[2m18:42:23[22m [34m[200][39m /index2 [2m2ms[22m
[2m18:44:44[22m [34m[watch][39m public/indexfig.html
[2m18:44:55[22m [34m[watch][39m public/indexfig.html
[2m18:45:25[22m [34m[watch][39m public/indexfig.html
[2m18:46:33[22m [34m[200][39m /index2 [2m3ms[22m
[2m18:47:24[22m [34m[watch][39m src/pages/index2.astro
[2m18:47:24[22m [34m[200][39m /index2 [2m8ms[22m
[2m18:47:24[22m [34m[200][39m /index2 [2m9ms[22m
[2m18:47:30[22m [34m[200][39m /index2 [2m2ms[22m
[2m18:48:07[22m [34m[200][39m /index2 [2m2ms[22m
[2m18:48:10[22m [34m[200][39m /index2 [2m2ms[22m
[2m18:48:14[22m [34m[200][39m /index2 [2m2ms[22m
[2m18:49:10[22m [34m[watch][39m src/pages/index2.astro
[2m18:49:11[22m [34m[200][39m /index2 [2m9ms[22m
[2m18:49:11[22m [34m[200][39m /index2 [2m9ms[22m
[2m18:50:17[22m [34m[200][39m /index2 [2m3ms[22m
[2m18:52:41[22m [34m[watch][39m public/indexfig.html
[2m18:53:19[22m [34m[200][39m /index2 [2m3ms[22m
[2m18:54:20[22m [34m[200][39m /index2 [2m3ms[22m
[2m18:54:20[22m [34m[200][39m /index2 [2m2ms[22m
[2m18:54:21[22m [34m[200][39m /index2 [2m4ms[22m
[2m18:54:21[22m [34m[200][39m /index2 [2m3ms[22m
[2m18:54:22[22m [34m[200][39m /index2 [2m3ms[22m
[2m18:54:34[22m [34m[200][39m /index2 [2m2ms[22m
[2m18:54:35[22m [34m[200][39m /index2 [2m4ms[22m
[2m18:54:35[22m [34m[200][39m /index2 [2m4ms[22m
[2m18:54:36[22m [34m[200][39m /index2 [2m3ms[22m
[2m18:54:36[22m [34m[200][39m /index2 [2m2ms[22m
[2m18:54:43[22m [34m[200][39m /index2 [2m2ms[22m
[2m18:54:52[22m [34m[200][39m /index2 [2m4ms[22m
[2m18:56:33[22m [34m[200][39m /index2 [2m3ms[22m
[2m18:57:50[22m [34m[watch][39m src/pages/index2.astro
[2m18:57:50[22m [33m[404][39m /index2 [2m7ms[22m
[2m18:57:50[22m [33m[404][39m /index2 [2m4ms[22m
[2m18:57:52[22m [34m[watch][39m src/pages/index2.astro
[2m18:57:53[22m [34m[200][39m /index2 [2m13ms[22m
[2m18:57:53[22m [34m[200][39m /index2 [2m14ms[22m
[2m19:00:02[22m [34m[200][39m /index2 [2m2ms[22m
[2m19:10:31[22m [34m[watch][39m /src/pages/index2.astro?astro&type=style&index=0&lang.css
[2m19:10:31[22m [34m[watch][39m src/pages/index2.astro
[vite] program reload
[2m19:51:48[22m [34m[200][39m /index2 [2m6ms[22m
[2m19:53:04[22m [34m[watch][39m /src/pages/index2.astro?astro&type=style&index=0&lang.css
[2m19:53:04[22m [34m[watch][39m src/pages/index2.astro
[vite] program reload
[2m19:57:55[22m [34m[200][39m /index2 [2m8ms[22m
[2m20:05:53[22m [34m[watch][39m /src/pages/index2.astro?astro&type=style&index=0&lang.css
[2m20:05:53[22m [34m[watch][39m src/pages/index2.astro
[vite] program reload
[2m20:07:14[22m [34m[watch][39m src/pages/index2.astro
[2m20:07:15[22m [34m[200][39m /index2 [2m24ms[22m
[2m20:07:15[22m [34m[200][39m /index2 [2m24ms[22m
[2m20:11:01[22m [34m[200][39m /index2 [2m2ms[22m
[2m20:11:02[22m [34m[200][39m /index2 [2m2ms[22m
[2m20:11:03[22m [34m[200][39m /index2 [2m3ms[22m
[2m20:11:04[22m [34m[200][39m /index2 [2m2ms[22m
[2m20:21:41[22m [34m[watch][39m src/pages/index2.astro
[2m20:21:42[22m [34m[200][39m /index2 [2m12ms[22m
[2m20:21:42[22m [34m[200][39m /index2 [2m13ms[22m
[2m20:23:54[22m [34m[200][39m /index2 [2m5ms[22m
[2m20:32:40[22m [34m[200][39m /index2 [2m3ms[22m
[2m20:32:51[22m [34m[200][39m /index2 [2m3ms[22m
[2m20:33:12[22m [34m[200][39m /index2 [2m4ms[22m
[2m20:33:14[22m [34m[200][39m /index2 [2m3ms[22m
[2m20:33:18[22m [34m[200][39m /index2 [2m4ms[22m
[2m20:42:34[22m [34m[200][39m /index2 [2m3ms[22m
[2m02:36:46[22m [34m[200][39m /index2 [2m10ms[22m
[2m22:15:56[22m [34m[200][39m /index2 [2m14ms[22m
[2m22:16:17[22m [34m[200][39m /index2 [2m3ms[22m
[2m22:16:18[22m [34m[200][39m /index2 [2m3ms[22m
[2m22:16:18[22m [34m[200][39m /index2 [2m2ms[22m
[2m22:16:18[22m [34m[200][39m /index2 [2m4ms[22m
[2m22:16:18[22m [34m[200][39m /index2 [2m3ms[22m
[2m22:16:18[22m [34m[200][39m /index2 [2m3ms[22m
[2m22:16:19[22m [34m[200][39m /index2 [2m6ms[22m
[2m22:16:19[22m [34m[200][39m /index2 [2m4ms[22m
[2m22:16:19[22m [34m[200][39m /index2 [2m4ms[22m
[2m22:16:19[22m [34m[200][39m /index2 [2m4ms[22m
[2m22:16:19[22m [34m[200][39m /index2 [2m2ms[22m
[2m22:16:20[22m [34m[200][39m /index2 [2m2ms[22m
[2m22:16:20[22m [34m[200][39m /index2 [2m2ms[22m
[2m22:16:20[22m [34m[200][39m /index2 [2m2ms[22m
[2m22:16:20[22m [34m[200][39m /index2 [2m3ms[22m
[2m22:16:21[22m [34m[200][39m /index2 [2m2ms[22m
[2m22:16:21[22m [34m[200][39m /index2 [2m4ms[22m
[2m22:16:21[22m [34m[200][39m /index2 [2m2ms[22m
[2m22:16:21[22m [34m[200][39m /index2 [2m3ms[22m
[2m22:16:21[22m [34m[200][39m /index2 [2m2ms[22m
[2m22:16:22[22m [34m[200][39m /index2 [2m3ms[22m
[2m22:16:22[22m [34m[200][39m /index2 [2m2ms[22m
[2m22:16:22[22m [34m[200][39m /index2 [2m2ms[22m
[2m22:16:22[22m [34m[200][39m /index2 [2m2ms[22m
[2m22:16:22[22m [34m[200][39m /index2 [2m2ms[22m
[2m22:16:23[22m [34m[200][39m /index2 [2m2ms[22m
[2m22:16:23[22m [34m[200][39m /index2 [2m3ms[22m
[2m22:16:23[22m [34m[200][39m /index2 [2m3ms[22m
[2m22:16:23[22m [34m[200][39m /index2 [2m2ms[22m
[2m22:16:24[22m [34m[200][39m /index2 [2m2ms[22m
[2m22:16:24[22m [34m[200][39m /index2 [2m3ms[22m
[2m22:16:24[22m [34m[200][39m /index2 [2m3ms[22m
[2m22:17:35[22m [34m[200][39m /index2 [2m3ms[22m
[2m22:20:41[22m [34m[200][39m /index2 [2m2ms[22m
[2m22:22:52[22m [34m[200][39m /index2 [2m2ms[22m
[2m22:23:06[22m [34m[200][39m /index2 [2m2ms[22m
[2m22:32:32[22m [34m[watch][39m src/pages/index2.astro
[2m22:32:33[22m [34m[200][39m /index2 [2m45ms[22m
[2m22:32:33[22m [34m[200][39m /index2 [2m46ms[22m
[2m22:33:05[22m [34m[200][39m /index2 [2m3ms[22m
[2m22:33:55[22m [34m[watch][39m /src/pages/index2.astro?astro&type=style&index=0&lang.css
[2m22:33:55[22m [34m[watch][39m src/pages/index2.astro
[vite] program reload
[2m22:35:25[22m [34m[200][39m /index2 [2m7ms[22m
[2m22:36:29[22m [34m[200][39m /index2 [2m3ms[22m
[2m22:36:55[22m [34m[200][39m /index2 [2m3ms[22m
[2m22:37:39[22m [34m[watch][39m /src/pages/index2.astro?astro&type=style&index=0&lang.css
[2m22:37:39[22m [34m[watch][39m src/pages/index2.astro
[vite] program reload
[2m22:38:04[22m [34m[watch][39m src/pages/index2.astro
[2m22:38:05[22m [34m[200][39m /index2 [2m57ms[22m
[2m22:38:05[22m [34m[200][39m /index2 [2m57ms[22m
[2m22:38:22[22m [34m[200][39m /index2 [2m4ms[22m
[2m22:41:05[22m [34m[watch][39m src/pages/index2.astro
[2m22:41:06[22m [34m[200][39m /index2 [2m14ms[22m
[2m22:41:06[22m [34m[200][39m /index2 [2m15ms[22m
[2m22:41:49[22m [34m[200][39m /index2 [2m7ms[22m
[2m22:41:57[22m [34m[200][39m /index2 [2m3ms[22m
[2m22:44:58[22m [34m[watch][39m /src/pages/index2.astro?astro&type=style&index=0&lang.css
[2m22:44:58[22m [34m[watch][39m src/pages/index2.astro
[vite] program reload
[2m22:46:45[22m [34m[200][39m /index2 [2m6ms[22m
[2m22:47:30[22m [34m[200][39m /index2 [2m4ms[22m
[2m22:47:49[22m [34m[watch][39m /src/pages/index2.astro?astro&type=style&index=0&lang.css
[2m22:47:49[22m [34m[watch][39m src/pages/index2.astro
[vite] program reload
[2m22:48:34[22m [34m[200][39m /index2 [2m8ms[22m
[2m22:49:43[22m [34m[watch][39m /src/pages/index2.astro?astro&type=style&index=0&lang.css
[2m22:49:43[22m [34m[watch][39m src/pages/index2.astro
[vite] program reload
[2m22:50:14[22m [34m[200][39m /index2 [2m8ms[22m
[2m22:50:22[22m [34m[200][39m /index2 [2m3ms[22m
[2m22:59:47[22m [34m[watch][39m /src/pages/index2.astro?astro&type=style&index=0&lang.css
[2m22:59:47[22m [34m[watch][39m src/pages/index2.astro
[vite] program reload
[2m23:00:12[22m [34m[watch][39m src/pages/index2.astro
[2m23:00:13[22m [34m[200][39m /index2 [2m29ms[22m
[2m23:00:13[22m [34m[200][39m /index2 [2m30ms[22m
[2m23:02:20[22m [34m[200][39m /index2 [2m3ms[22m
[2m23:04:48[22m [34m[watch][39m /src/pages/index2.astro?astro&type=style&index=0&lang.css
[2m23:04:48[22m [34m[watch][39m src/pages/index2.astro
[vite] program reload
[2m23:05:42[22m [34m[200][39m /index2 [2m9ms[22m
[2m23:07:03[22m [34m[watch][39m /src/pages/index2.astro?astro&type=style&index=0&lang.css
[2m23:07:03[22m [34m[watch][39m src/pages/index2.astro
[vite] program reload
[2m23:09:22[22m [34m[200][39m /index2 [2m9ms[22m
[2m23:10:55[22m [34m[watch][39m /src/pages/index2.astro?astro&type=style&index=0&lang.css
[2m23:10:55[22m [34m[watch][39m src/pages/index2.astro
[vite] program reload
[2m23:12:22[22m [34m[200][39m /index2 [2m18ms[22m
[2m23:13:14[22m [34m[watch][39m /src/pages/index2.astro?astro&type=style&index=0&lang.css
[2m23:13:14[22m [34m[watch][39m src/pages/index2.astro
[vite] program reload
[2m23:14:04[22m [34m[watch][39m /src/pages/index2.astro?astro&type=style&index=0&lang.css
[2m23:14:04[22m [34m[watch][39m src/pages/index2.astro
[vite] program reload
[2m23:14:37[22m [34m[200][39m /index2 [2m7ms[22m
[2m23:15:11[22m [34m[watch][39m /src/pages/index2.astro?astro&type=style&index=0&lang.css
[2m23:15:11[22m [34m[watch][39m src/pages/index2.astro
[vite] program reload
[2m23:15:56[22m [34m[watch][39m /src/pages/index2.astro?astro&type=style&index=0&lang.css
[2m23:15:56[22m [34m[watch][39m src/pages/index2.astro
[vite] program reload
[2m23:17:15[22m [34m[200][39m /index2 [2m8ms[22m
[2m23:19:16[22m [34m[watch][39m /src/pages/index2.astro?astro&type=style&index=0&lang.css
[2m23:19:16[22m [34m[watch][39m src/pages/index2.astro
[vite] program reload
[2m23:20:43[22m [34m[200][39m /index2 [2m7ms[22m
[2m23:25:12[22m [34m[watch][39m src/pages/index2.astro
[2m23:25:13[22m [34m[200][39m /index2 [2m22ms[22m
[2m23:25:13[22m [34m[200][39m /index2 [2m25ms[22m
[2m23:26:17[22m [34m[200][39m /index2 [2m5ms[22m
[2m23:28:25[22m [34m[watch][39m src/pages/index2.astro
[2m23:28:26[22m [34m[200][39m /index2 [2m48ms[22m
[2m23:28:26[22m [34m[200][39m /index2 [2m48ms[22m
[2m23:29:47[22m [34m[200][39m /index2 [2m4ms[22m
[2m23:33:04[22m [34m[watch][39m /src/pages/index2.astro?astro&type=style&index=0&lang.css
[2m23:33:04[22m [34m[watch][39m src/pages/index2.astro
[vite] program reload
[2m23:37:43[22m [34m[watch][39m /src/pages/index2.astro?astro&type=style&index=0&lang.css
[2m23:37:43[22m [34m[watch][39m src/pages/index2.astro
[vite] program reload
[2m23:38:16[22m [34m[watch][39m src/pages/index2.astro
[2m23:38:17[22m [34m[200][39m /index2 [2m28ms[22m
[2m23:38:17[22m [34m[200][39m /index2 [2m28ms[22m
[2m23:40:37[22m [34m[watch][39m /src/pages/index2.astro?astro&type=style&index=0&lang.css
[2m23:40:37[22m [34m[watch][39m src/pages/index2.astro
[vite] program reload
[2m23:42:37[22m [34m[watch][39m /src/pages/index2.astro?astro&type=style&index=0&lang.css
[2m23:42:37[22m [34m[watch][39m src/pages/index2.astro
[vite] program reload
[2m23:43:38[22m [34m[watch][39m /src/pages/index2.astro?astro&type=style&index=0&lang.css
[2m23:43:38[22m [34m[watch][39m src/pages/index2.astro
[vite] program reload
[2m23:44:20[22m [34m[watch][39m /src/pages/index2.astro?astro&type=style&index=0&lang.css
[2m23:44:20[22m [34m[watch][39m src/pages/index2.astro
[vite] program reload
[2m23:45:21[22m [34m[watch][39m /src/pages/index2.astro?astro&type=style&index=0&lang.css
[2m23:45:21[22m [34m[watch][39m src/pages/index2.astro
[vite] program reload
[2m23:47:36[22m [34m[200][39m /index2 [2m8ms[22m
[2m23:49:20[22m [34m[watch][39m /src/pages/index2.astro?astro&type=style&index=0&lang.css
[2m23:49:20[22m [34m[watch][39m src/pages/index2.astro
[vite] program reload
[2m23:49:55[22m [34m[watch][39m src/pages/index2.astro
[2m23:49:56[22m [34m[200][39m /index2 [2m47ms[22m
[2m23:49:56[22m [34m[200][39m /index2 [2m47ms[22m
[2m23:50:43[22m [34m[200][39m /index2 [2m2ms[22m
[2m23:51:58[22m [34m[watch][39m /src/pages/index2.astro?astro&type=style&index=0&lang.css
[2m23:51:58[22m [34m[watch][39m src/pages/index2.astro
[vite] program reload
[2m23:52:32[22m [34m[watch][39m src/pages/index2.astro
[2m23:52:33[22m [34m[200][39m /index2 [2m25ms[22m
[2m23:52:33[22m [34m[200][39m /index2 [2m25ms[22m
[2m23:54:06[22m [34m[watch][39m /src/pages/index2.astro?astro&type=style&index=0&lang.css
[2m23:54:06[22m [34m[watch][39m src/pages/index2.astro
[vite] program reload
[2m23:56:32[22m [34m[200][39m /index2 [2m10ms[22m
[2m23:57:26[22m [34m[watch][39m src/pages/index2.astro
[2m23:57:27[22m [34m[200][39m /index2 [2m14ms[22m
[2m23:57:27[22m [34m[200][39m /index2 [2m14ms[22m
[2m00:01:04[22m [34m[watch][39m /src/pages/index2.astro?astro&type=style&index=0&lang.css
[2m00:01:04[22m [34m[watch][39m src/pages/index2.astro
[vite] program reload
[2m00:03:51[22m [34m[200][39m /index2 [2m8ms[22m
[2m00:06:13[22m [34m[watch][39m /src/pages/index2.astro?astro&type=style&index=0&lang.css
[2m00:06:13[22m [34m[watch][39m src/pages/index2.astro
[vite] program reload
[2m00:06:37[22m [34m[watch][39m src/pages/index2.astro
[2m00:06:38[22m [34m[200][39m /index2 [2m39ms[22m
[2m00:06:38[22m [34m[200][39m /index2 [2m3ms[22m
[2m00:08:58[22m [34m[watch][39m src/pages/index2.astro
[2m00:08:58[22m [34m[200][39m /index2 [2m10ms[22m
[2m00:08:58[22m [34m[200][39m /index2 [2m3ms[22m
[2m00:09:43[22m [34m[200][39m /index2 [2m3ms[22m
[2m00:44:29[22m [34m[watch][39m src/pages/index2.astro
[2m00:44:30[22m [34m[200][39m /index2 [2m24ms[22m
[2m00:44:30[22m [34m[200][39m /index2 [2m25ms[22m
[2m00:45:19[22m [34m[watch][39m src/pages/index2.astro
[2m00:45:20[22m [34m[200][39m /index2 [2m13ms[22m
[2m00:45:20[22m [34m[200][39m /index2 [2m4ms[22m
[2m00:46:57[22m [34m[200][39m /index2 [2m3ms[22m
[2m20:07:00[22m [34m[200][39m /index2 [2m1026ms[22m
[2m20:07:08[22m [34m[200][39m /index2 [2m2ms[22m
[2m20:12:52[22m [34m[watch][39m /src/pages/index2.astro?astro&type=style&index=0&lang.css
[2m20:12:52[22m [34m[watch][39m src/pages/index2.astro
[vite] program reload
[2m20:12:57[22m [34m[watch][39m src/pages/index2.astro
[2m20:12:58[22m [34m[200][39m /index2 [2m110ms[22m
[2m20:12:58[22m [34m[200][39m /index2 [2m2ms[22m
[2m20:13:04[22m [34m[watch][39m src/pages/index2.astro
[2m20:13:04[22m [34m[200][39m /index2 [2m88ms[22m
[2m20:13:04[22m [34m[200][39m /index2 [2m89ms[22m
[2m20:13:12[22m [34m[watch][39m src/pages/index2.astro
[2m20:13:12[22m [34m[watch][39m src/pages/index2.astro
[2m20:13:13[22m [34m[200][39m /index2 [2m115ms[22m
[2m20:13:13[22m [34m[200][39m /index2 [2m3ms[22m
[2m20:13:22[22m [34m[watch][39m src/pages/index2.astro
[2m20:13:22[22m [34m[200][39m /index2 [2m19ms[22m
[2m20:13:22[22m [34m[200][39m /index2 [2m20ms[22m
[2m20:15:44[22m [34m[200][39m /index2 [2m2ms[22m
[2m20:15:51[22m [34m[200][39m /index2 [2m2ms[22m
[2m20:15:54[22m [34m[200][39m /index2 [2m2ms[22m
[2m20:17:58[22m [34m[watch][39m src/pages/index2.astro
[2m20:17:59[22m [34m[200][39m /index2 [2m39ms[22m
[2m20:17:59[22m [34m[200][39m /index2 [2m3ms[22m
[2m20:18:17[22m [34m[watch][39m src/pages/index2.astro
[2m20:18:17[22m [34m[200][39m /index2 [2m56ms[22m
[2m20:18:18[22m [34m[200][39m /index2 [2m2ms[22m
[2m20:18:26[22m [34m[watch][39m src/pages/index2.astro
[2m20:18:26[22m [34m[200][39m /index2 [2m8ms[22m
[2m20:18:26[22m [34m[200][39m /index2 [2m2ms[22m
[2m20:18:34[22m [34m[watch][39m src/pages/index2.astro
[2m20:18:34[22m [34m[200][39m /index2 [2m8ms[22m
[2m20:18:35[22m [34m[200][39m /index2 [2m3ms[22m
[2m20:18:41[22m [34m[watch][39m src/pages/index2.astro
[2m20:18:42[22m [34m[200][39m /index2 [2m160ms[22m
[2m20:18:42[22m [34m[200][39m /index2 [2m3ms[22m
[2m20:22:32[22m [34m[watch][39m src/pages/index2.astro
[2m20:22:33[22m [34m[200][39m /index2 [2m34ms[22m
[2m20:22:33[22m [34m[200][39m /index2 [2m34ms[22m
[2m20:22:40[22m [34m[watch][39m src/pages/index2.astro
[2m20:22:41[22m [34m[200][39m /index2 [2m41ms[22m
[2m20:22:41[22m [34m[200][39m /index2 [2m2ms[22m
[2m21:45:34[22m [34m[200][39m /index2 [2m3ms[22m
[2m21:47:20[22m [34m[watch][39m /src/pages/index2.astro?astro&type=style&index=0&lang.css
[2m21:47:20[22m [34m[watch][39m src/pages/index2.astro
[vite] program reload
[2m21:47:28[22m [34m[watch][39m src/pages/index2.astro
[2m21:47:28[22m [34m[200][39m /index2 [2m37ms[22m
[2m21:47:28[22m [34m[200][39m /index2 [2m3ms[22m
[2m21:47:57[22m [34m[watch][39m src/pages/index2.astro
[2m21:47:57[22m [34m[200][39m /index2 [2m14ms[22m
[2m21:47:57[22m [34m[200][39m /index2 [2m3ms[22m
[2m19:00:15[22m [34m[200][39m /index2 [2m580ms[22m
[2m19:00:27[22m [34m[200][39m /index2 [2m4ms[22m
[2m19:01:06[22m [34m[200][39m /index2 [2m2ms[22m
[2m19:01:09[22m [34m[watch][39m src/pages/index2.astro
[2m19:01:11[22m [34m[200][39m /index2 [2m337ms[22m
[2m19:01:11[22m [34m[200][39m /index2 [2m337ms[22m
[2m19:01:11[22m [34m[200][39m /index2 [2m4ms[22m
[2m19:01:57[22m [34m[200][39m /index2 [2m3ms[22m
[2m19:02:04[22m [34m[200][39m /index2 [2m2ms[22m
[2m19:03:43[22m [34m[watch][39m src/pages/index2.astro
[2m19:03:44[22m [34m[200][39m /index2 [2m65ms[22m
[2m19:03:44[22m [34m[200][39m /index2 [2m5ms[22m
[2m19:04:40[22m [34m[200][39m /index2 [2m2ms[22m
[2m19:04:47[22m [34m[200][39m /index2 [2m3ms[22m
[2m19:04:54[22m [34m[200][39m /index2 [2m2ms[22m
[2m19:04:59[22m [34m[200][39m /index2 [2m3ms[22m
[2m19:05:04[22m [34m[200][39m /index2 [2m3ms[22m
[2m19:05:04[22m [34m[200][39m /index2 [2m3ms[22m
[2m19:05:05[22m [34m[200][39m /index2 [2m3ms[22m
[2m19:05:05[22m [34m[200][39m /index2 [2m2ms[22m
[2m19:05:05[22m [34m[200][39m /index2 [2m4ms[22m
[2m19:05:05[22m [34m[200][39m /index2 [2m3ms[22m
[2m19:06:29[22m [34m[watch][39m /src/pages/index2.astro?astro&type=style&index=0&lang.css
[2m19:06:29[22m [34m[watch][39m src/pages/index2.astro
[vite] program reload
[2m19:06:43[22m [34m[watch][39m src/pages/index2.astro
[2m19:06:44[22m [34m[200][39m /index2 [2m12ms[22m
[2m19:06:44[22m [34m[200][39m /index2 [2m3ms[22m
[2m19:07:53[22m [34m[watch][39m /src/pages/index2.astro?astro&type=style&index=0&lang.css
[2m19:07:53[22m [34m[watch][39m src/pages/index2.astro
[vite] program reload
[2m19:12:41[22m [34m[watch][39m src/pages/index2.astro
[2m19:12:42[22m [34m[200][39m /index2 [2m76ms[22m
[2m19:12:42[22m [34m[200][39m /index2 [2m5ms[22m
[2m19:14:05[22m [34m[200][39m /index2 [2m3ms[22m
[2m19:14:21[22m [34m[200][39m /index2 [2m3ms[22m
[2m19:15:22[22m [34m[200][39m /index2 [2m3ms[22m
[2m19:15:29[22m [34m[watch][39m src/pages/index2.astro
[2m19:15:29[22m [34m[200][39m /index2 [2m25ms[22m
[2m19:15:30[22m [34m[200][39m /index2 [2m4ms[22m
[2m19:15:38[22m [34m[200][39m /index2 [2m3ms[22m
[2m19:17:18[22m [34m[watch][39m /src/pages/index2.astro?astro&type=style&index=0&lang.css
[2m19:17:18[22m [34m[watch][39m src/pages/index2.astro
[vite] program reload
[2m19:17:59[22m [34m[200][39m /index2 [2m7ms[22m
[2m19:18:40[22m [34m[watch][39m src/pages/index2.astro
[2m19:18:41[22m [34m[200][39m /index2 [2m37ms[22m
[2m19:18:41[22m [34m[200][39m /index2 [2m37ms[22m
[2m19:18:41[22m [34m[200][39m /index2 [2m37ms[22m
[2m19:18:52[22m [34m[watch][39m src/pages/index2.astro
[2m19:18:53[22m [34m[200][39m /index2 [2m127ms[22m
[2m19:18:53[22m [34m[200][39m /index2 [2m127ms[22m
[2m19:18:53[22m [34m[200][39m /index2 [2m128ms[22m
[2m19:19:22[22m [34m[200][39m /index2 [2m4ms[22m
[2m19:19:39[22m [34m[200][39m /index2 [2m2ms[22m
[2m19:19:49[22m [34m[watch][39m /src/pages/index2.astro?astro&type=style&index=0&lang.css
[2m19:19:49[22m [34m[watch][39m src/pages/index2.astro
[vite] program reload
[2m19:19:53[22m [34m[200][39m /index2 [2m20ms[22m
[2m19:20:07[22m [34m[watch][39m src/pages/index2.astro
[2m19:20:07[22m [34m[200][39m /index2 [2m15ms[22m
[2m19:20:08[22m [34m[200][39m /index2 [2m3ms[22m
[2m19:20:08[22m [34m[200][39m /index2 [2m2ms[22m
[2m19:20:17[22m [34m[watch][39m src/pages/index2.astro
[2m19:20:18[22m [34m[200][39m /index2 [2m103ms[22m
[2m19:20:18[22m [34m[200][39m /index2 [2m82ms[22m
[2m19:20:18[22m [34m[200][39m /index2 [2m73ms[22m
[2m19:20:27[22m [34m[200][39m /index2 [2m4ms[22m
[2m19:20:36[22m [34m[200][39m /index2 [2m3ms[22m
[2m19:20:41[22m [34m[200][39m /index2 [2m3ms[22m
[2m19:20:48[22m [34m[200][39m /index2 [2m3ms[22m
[2m19:20:54[22m [34m[200][39m /index2 [2m2ms[22m
[2m19:20:58[22m [34m[200][39m /index2 [2m3ms[22m
[2m19:21:18[22m [34m[200][39m /index2 [2m3ms[22m
[2m19:21:57[22m [34m[watch][39m /src/pages/index2.astro?astro&type=style&index=0&lang.css
[2m19:21:57[22m [34m[watch][39m src/pages/index2.astro
[vite] program reload
[2m19:23:32[22m [34m[200][39m /index2 [2m8ms[22m
[2m19:23:56[22m [34m[200][39m /index2 [2m2ms[22m
[2m19:24:36[22m [34m[200][39m /index2 [2m3ms[22m
[2m19:25:07[22m [34m[watch][39m /src/pages/index2.astro?astro&type=style&index=0&lang.css
[2m19:25:07[22m [34m[watch][39m src/pages/index2.astro
[vite] program reload
[2m19:25:52[22m [34m[watch][39m src/pages/index2.astro
[2m19:25:53[22m [34m[200][39m /index2 [2m15ms[22m
[2m19:25:53[22m [34m[200][39m /index2 [2m15ms[22m
[2m19:25:53[22m [34m[200][39m /index2 [2m15ms[22m
[2m19:26:34[22m [34m[200][39m /index2 [2m3ms[22m
[2m19:26:40[22m [34m[200][39m /index2 [2m3ms[22m
[2m19:26:46[22m [34m[200][39m /index2 [2m3ms[22m
[2m19:26:50[22m [34m[200][39m /index2 [2m3ms[22m
[2m19:26:55[22m [34m[200][39m /index2 [2m2ms[22m
[2m19:27:01[22m [34m[200][39m /index2 [2m3ms[22m
[2m19:27:05[22m [34m[200][39m /index2 [2m2ms[22m
[2m19:27:09[22m [34m[200][39m /index2 [2m2ms[22m
[2m19:27:10[22m [34m[200][39m /index2 [2m3ms[22m
[2m19:27:14[22m [34m[200][39m /index2 [2m3ms[22m
[2m19:27:18[22m [34m[200][39m /index2 [2m3ms[22m
[2m19:27:23[22m [34m[200][39m /index2 [2m3ms[22m
[2m19:27:29[22m [34m[200][39m /index2 [2m3ms[22m
[2m19:27:33[22m [34m[200][39m /index2 [2m3ms[22m
[2m19:28:02[22m [34m[200][39m /index2 [2m3ms[22m
[2m19:51:52[22m [34m[200][39m /index2 [2m3ms[22m
[2m19:52:13[22m [34m[200][39m /index2 [2m3ms[22m
[2m19:58:46[22m [34m[watch][39m src/pages/index2.astro
[2m19:58:47[22m [34m[200][39m /index2 [2m75ms[22m
[2m19:58:47[22m [34m[200][39m /index2 [2m75ms[22m
[2m19:58:47[22m [34m[200][39m /index2 [2m76ms[22m
[2m08:43:35[22m [34m[watch][39m /src/pages/index2.astro?astro&type=style&index=0&lang.css
[2m08:43:35[22m [34m[watch][39m src/pages/index2.astro
[vite] program reload
[2m08:43:47[22m [34m[watch][39m src/pages/index2.astro
[2m08:43:49[22m [34m[200][39m /index2 [2m204ms[22m
[2m08:45:36[22m [34m[200][39m /index2 [2m2ms[22m
[2m13:18:05[22m [34m[200][39m / [2m174ms[22m
[2m13:18:22[22m [34m[200][39m /index2 [2m3ms[22m
[2m13:22:07[22m [34m[200][39m /index2 [2m3ms[22m
[2m13:24:36[22m [34m[watch][39m src/pages/index2.astro
[2m13:24:37[22m [34m[200][39m /index2 [2m72ms[22m
[2m13:24:37[22m [34m[200][39m /index2 [2m72ms[22m
[2m13:28:30[22m [34m[watch][39m /src/pages/index2.astro?astro&type=style&index=0&lang.css
[2m13:28:30[22m [34m[watch][39m src/pages/index2.astro
[vite] program reload
[2m13:29:08[22m [34m[watch][39m src/pages/index2.astro
[2m13:29:10[22m [34m[200][39m /index2 [2m63ms[22m
[2m13:29:10[22m [34m[200][39m /index2 [2m64ms[22m
[2m13:31:38[22m [34m[200][39m /index2 [2m4ms[22m
[2m13:31:45[22m [34m[200][39m /index2 [2m4ms[22m
[2m13:32:00[22m [34m[200][39m /index2 [2m3ms[22m
[2m13:42:14[22m [34m[200][39m /index2 [2m7ms[22m
[2m13:42:15[22m [34m[200][39m /index2 [2m3ms[22m
[2m13:42:28[22m [34m[watch][39m src/pages/index2.astro
[2m13:42:29[22m [34m[200][39m /index2 [2m45ms[22m
[2m13:42:29[22m [34m[200][39m /index2 [2m45ms[22m
[2m13:44:46[22m [34m[watch][39m src/pages/index2.astro
[2m13:44:47[22m [34m[200][39m /index2 [2m99ms[22m
[2m13:44:47[22m [34m[200][39m /index2 [2m99ms[22m
[2m13:45:18[22m [34m[watch][39m src/pages/index2.astro
[2m13:45:19[22m [34m[200][39m /index2 [2m46ms[22m
[2m13:45:19[22m [34m[200][39m /index2 [2m46ms[22m
[2m13:45:37[22m [34m[watch][39m src/pages/index2.astro
[2m13:45:38[22m [34m[200][39m /index2 [2m34ms[22m
[2m13:45:38[22m [34m[200][39m /index2 [2m7ms[22m
[2m13:46:07[22m [34m[watch][39m src/pages/index2.astro
[2m13:46:09[22m [34m[200][39m /index2 [2m43ms[22m
[2m13:46:09[22m [34m[200][39m /index2 [2m43ms[22m
[2m13:47:08[22m [34m[watch][39m src/pages/index2.astro
[2m13:47:09[22m [34m[200][39m /index2 [2m15ms[22m
[2m13:47:09[22m [34m[200][39m /index2 [2m15ms[22m
[2m13:47:36[22m [34m[watch][39m src/pages/index2.astro
[2m13:47:38[22m [34m[200][39m /index2 [2m22ms[22m
[2m13:47:38[22m [34m[200][39m /index2 [2m23ms[22m
[2m13:48:17[22m [34m[watch][39m /src/components/VoicePostCard.astro?astro&type=style&index=0&lang.css
[2m13:48:17[22m [34m[watch][39m src/components/VoicePostCard.astro
[vite] program reload
[2m13:49:58[22m [34m[200][39m /index2 [2m36ms[22m
[2m13:51:41[22m [34m[200][39m /index2 [2m3ms[22m
[2m13:54:12[22m [34m[watch][39m src/pages/index2.astro
[2m13:54:13[22m [34m[200][39m /index2 [2m72ms[22m
[2m13:54:13[22m [34m[200][39m /index2 [2m4ms[22m
[2m13:55:44[22m [34m[200][39m /index2 [2m5ms[22m
[2m14:01:19[22m [34m[watch][39m src/pages/index2.astro
[2m14:01:21[22m [34m[200][39m /index2 [2m15ms[22m
[2m14:01:21[22m [34m[200][39m /index2 [2m7ms[22m
[2m14:01:36[22m [34m[watch][39m src/pages/index2.astro
[2m14:01:36[22m [34m[200][39m /index2 [2m15ms[22m
[2m14:01:36[22m [34m[200][39m /index2 [2m6ms[22m
[2m14:30:29[22m [34m[watch][39m src/pages/index2.astro
[2m14:30:30[22m [34m[200][39m /index2 [2m14ms[22m
[2m14:30:30[22m [34m[200][39m /index2 [2m4ms[22m
[2m14:33:52[22m [34m[watch][39m /src/pages/index2.astro?astro&type=style&index=0&lang.css
[2m14:33:52[22m [34m[watch][39m src/pages/index2.astro
[vite] program reload
[2m14:34:27[22m [34m[200][39m /index2 [2m16ms[22m
[2m14:34:37[22m [34m[200][39m /index2 [2m16ms[22m
[2m14:48:55[22m [34m[watch][39m /src/pages/index2.astro?astro&type=style&index=0&lang.css
[2m14:48:55[22m [34m[watch][39m src/pages/index2.astro
[vite] program reload
[2m14:49:03[22m [34m[watch][39m /src/pages/index2.astro?astro&type=style&index=0&lang.css
[2m14:49:03[22m [34m[watch][39m src/pages/index2.astro
[vite] program reload
[2m14:49:07[22m [34m[watch][39m src/pages/index2.astro
[2m14:49:08[22m [34m[200][39m /index2 [2m44ms[22m
[2m14:49:08[22m [34m[200][39m /index2 [2m44ms[22m
[2m14:50:08[22m [34m[watch][39m src/pages/index2.astro
[2m14:50:09[22m [34m[200][39m /index2 [2m18ms[22m
[2m14:50:09[22m [34m[200][39m /index2 [2m4ms[22m
[2m14:51:10[22m [34m[watch][39m src/pages/index2.astro
[2m14:51:11[22m [34m[200][39m /index2 [2m14ms[22m
[2m14:51:11[22m [34m[200][39m /index2 [2m15ms[22m
[2m14:54:19[22m [34m[200][39m /index2 [2m5ms[22m
[2m14:55:27[22m [34m[watch][39m /src/pages/index2.astro?astro&type=style&index=0&lang.css
[2m14:55:27[22m [34m[watch][39m src/pages/index2.astro
[vite] program reload
[2m14:55:34[22m [34m[watch][39m src/pages/index2.astro
[2m14:55:35[22m [34m[200][39m /index2 [2m24ms[22m
[2m14:55:35[22m [34m[200][39m /index2 [2m28ms[22m
[2m14:56:38[22m [34m[200][39m /index2 [2m5ms[22m
[2m14:56:44[22m [34m[200][39m /index2 [2m4ms[22m
[2m14:57:57[22m [34m[200][39m /index2 [2m4ms[22m
[2m15:03:28[22m [34m[watch][39m /src/pages/index2.astro?astro&type=style&index=0&lang.css
[2m15:03:28[22m [34m[watch][39m src/pages/index2.astro
[vite] program reload
[2m15:03:35[22m [34m[watch][39m /src/pages/index2.astro?astro&type=style&index=0&lang.css
[2m15:03:35[22m [34m[watch][39m src/pages/index2.astro
[vite] program reload
[2m15:03:39[22m [34m[watch][39m src/pages/index2.astro
[2m15:03:40[22m [34m[200][39m /index2 [2m16ms[22m
[2m15:03:40[22m [34m[200][39m /index2 [2m17ms[22m
[2m15:04:04[22m [34m[watch][39m src/pages/index2.astro
[2m15:04:05[22m [34m[200][39m /index2 [2m20ms[22m
[2m15:04:05[22m [34m[200][39m /index2 [2m20ms[22m
[2m15:04:13[22m [34m[watch][39m /src/pages/index2.astro?astro&type=style&index=0&lang.css
[2m15:04:13[22m [34m[watch][39m src/pages/index2.astro
[vite] program reload
[2m15:04:45[22m [34m[watch][39m /src/pages/index2.astro?astro&type=style&index=0&lang.css
[2m15:04:45[22m [34m[watch][39m src/pages/index2.astro
[vite] program reload
[2m15:21:43[22m [34m[200][39m /index2 [2m28ms[22m
[2m15:23:36[22m [34m[watch][39m src/pages/index2.astro
[2m15:23:37[22m [34m[200][39m /index2 [2m108ms[22m
[2m15:23:37[22m [34m[200][39m /index2 [2m109ms[22m
[2m15:33:26[22m [34m[200][39m /index2 [2m4ms[22m
[2m15:44:54[22m [34m[200][39m /index2 [2m4ms[22m
[2m15:47:52[22m [34m[watch][39m src/pages/index2.astro
[2m15:47:53[22m [34m[200][39m /index2 [2m28ms[22m
[2m15:47:53[22m [34m[200][39m /index2 [2m5ms[22m
[2m15:49:07[22m [34m[200][39m /index2 [2m4ms[22m
[2m15:51:12[22m [34m[watch][39m src/pages/index2.astro
[2m15:51:13[22m [34m[200][39m /index2 [2m11ms[22m
[2m15:51:13[22m [34m[200][39m /index2 [2m4ms[22m
[2m20:31:08[22m [34m[watch][39m src/pages/index2.astro
[2m20:31:09[22m [34m[200][39m /index2 [2m14ms[22m
[2m20:31:09[22m [34m[200][39m /index2 [2m4ms[22m
[2m20:35:51[22m [34m[watch][39m src/pages/index2.astro
[2m20:35:52[22m [34m[200][39m /index2 [2m13ms[22m
[2m20:35:52[22m [34m[200][39m /index2 [2m3ms[22m
[2m20:35:56[22m [34m[watch][39m src/pages/index2.astro
[2m20:35:57[22m [34m[200][39m /index2 [2m40ms[22m
[2m20:35:57[22m [34m[200][39m /index2 [2m40ms[22m
[2m20:45:10[22m [34m[200][39m /index2 [2m3ms[22m
[2m20:45:33[22m [34m[200][39m /index2 [2m4ms[22m
[2m20:45:59[22m [34m[200][39m /index2 [2m3ms[22m
[2m20:51:40[22m [34m[200][39m /index2 [2m2ms[22m
[2m20:54:58[22m [34m[watch][39m src/pages/index2.astro
[2m20:54:59[22m [34m[200][39m /index2 [2m21ms[22m
[2m20:54:59[22m [34m[200][39m /index2 [2m5ms[22m
[2m20:55:31[22m [34m[200][39m /index2 [2m3ms[22m
[2m21:02:51[22m [34m[watch][39m src/pages/index2.astro
[2m21:02:53[22m [34m[200][39m /index2 [2m10ms[22m
[2m21:02:53[22m [34m[200][39m /index2 [2m4ms[22m
[2m21:03:03[22m [34m[watch][39m src/pages/index2.astro
[2m21:03:04[22m [34m[200][39m /index2 [2m33ms[22m
[2m21:03:04[22m [34m[200][39m /index2 [2m34ms[22m
[2m21:05:38[22m [34m[watch][39m src/pages/index2.astro
[2m21:05:39[22m [34m[200][39m /index2 [2m15ms[22m
[2m21:05:39[22m [34m[200][39m /index2 [2m4ms[22m
[2m21:06:52[22m [34m[200][39m /index2 [2m5ms[22m
[2m21:07:02[22m [34m[200][39m /index2 [2m4ms[22m
[2m21:09:18[22m [34m[watch][39m /src/pages/index2.astro?astro&type=style&index=0&lang.css
[2m21:09:18[22m [34m[watch][39m src/pages/index2.astro
[vite] program reload
[2m21:24:28[22m [34m[watch][39m src/pages/index2.astro
[2m21:24:30[22m [34m[200][39m /index2 [2m110ms[22m
[2m21:24:30[22m [34m[200][39m /index2 [2m107ms[22m
[2m21:24:43[22m [34m[watch][39m /src/components/VoicePostCard.astro?astro&type=style&index=0&lang.css
[2m21:24:44[22m [34m[200][39m /index2 [2m108ms[22m
[2m21:24:44[22m [34m[200][39m /index2 [2m108ms[22m
[2m21:25:27[22m [34m[watch][39m /src/components/VoicePostDeck.astro?astro&type=style&index=0&lang.css
[2m21:25:58[22m [34m[watch][39m /src/components/VoicePostDeck.astro?astro&type=style&index=0&lang.css
[2m21:25:59[22m [34m[200][39m /index2 [2m138ms[22m
[2m21:25:59[22m [34m[200][39m /index2 [2m139ms[22m
[2m21:25:59[22m [34m[200][39m /index2 [2m6ms[22m
[2m21:30:19[22m [34m[200][39m /index2 [2m5ms[22m
[2m21:31:48[22m [34m[watch][39m /src/components/VoicePostDeck.astro?astro&type=style&index=0&lang.css
[2m21:31:48[22m [34m[watch][39m src/components/VoicePostDeck.astro
[vite] program reload
[2m21:31:53[22m [34m[200][39m /index2 [2m34ms[22m
[2m21:31:54[22m [34m[200][39m /index2 [2m11ms[22m
[2m21:37:05[22m [34m[200][39m /index2 [2m30ms[22m
[2m21:41:35[22m [34m[200][39m /index2 [2m5ms[22m
[2m21:43:45[22m [34m[watch][39m src/components/VoicePostDeck.astro
[2m21:44:32[22m [34m[watch][39m src/components/VoicePostDeck.astro
[2m21:44:33[22m [34m[200][39m /index2 [2m102ms[22m
[2m21:44:33[22m [34m[200][39m /index2 [2m103ms[22m
[2m22:24:18[22m [34m[watch][39m /src/pages/index2.astro?astro&type=style&index=0&lang.css
[2m22:24:18[22m [34m[watch][39m src/pages/index2.astro
[vite] program reload
[2m22:25:03[22m [34m[watch][39m /src/pages/index2.astro?astro&type=style&index=0&lang.css
[2m22:25:03[22m [34m[watch][39m src/pages/index2.astro
[vite] program reload
[2m22:27:25[22m [34m[watch][39m src/pages/index2.astro
[2m22:27:25[22m [34m[watch][39m src/pages/index2.astro
[2m22:27:26[22m [34m[200][39m /index2 [2m113ms[22m
[2m22:27:26[22m [34m[200][39m /index2 [2m113ms[22m
[2m22:29:10[22m [34m[watch][39m /src/pages/index2.astro?astro&type=style&index=0&lang.css
[2m22:29:10[22m [34m[watch][39m src/pages/index2.astro
[vite] program reload
[2m22:29:36[22m [34m[watch][39m src/pages/index2.astro
[2m22:29:37[22m [34m[200][39m /index2 [2m208ms[22m
[2m22:29:37[22m [34m[200][39m /index2 [2m238ms[22m
[2m22:30:00[22m [34m[watch][39m /src/pages/index2.astro?astro&type=style&index=0&lang.css
[2m22:30:00[22m [34m[watch][39m src/pages/index2.astro
[vite] program reload
[2m23:46:18[22m [34m[watch][39m src/pages/index2.astro
[2m23:46:19[22m [34m[200][39m /index2 [2m40ms[22m
[2m23:46:19[22m [34m[200][39m /index2 [2m5ms[22m
[2m23:46:47[22m [34m[watch][39m src/pages/index2.astro
[2m23:46:48[22m [34m[200][39m /index2 [2m101ms[22m
[2m23:46:48[22m [34m[200][39m /index2 [2m101ms[22m
[2m23:47:13[22m [34m[200][39m /index2 [2m4ms[22m
[2m23:49:55[22m [34m[200][39m /index2 [2m4ms[22m
[2m23:52:34[22m [34m[watch][39m /src/pages/index2.astro?astro&type=style&index=0&lang.css
[2m23:52:34[22m [34m[watch][39m src/pages/index2.astro
[vite] program reload
[2m23:54:25[22m [34m[watch][39m /src/pages/index2.astro?astro&type=style&index=0&lang.css
[2m23:54:25[22m [34m[watch][39m src/pages/index2.astro
[vite] program reload
[2m23:54:32[22m [34m[watch][39m src/pages/index2.astro
[2m23:54:33[22m [34m[200][39m /index2 [2m102ms[22m
[2m23:54:33[22m [34m[200][39m /index2 [2m102ms[22m
[2m23:54:59[22m [34m[watch][39m /src/pages/index2.astro?astro&type=style&index=0&lang.css
[2m23:54:59[22m [34m[watch][39m src/pages/index2.astro
[vite] program reload
[2m23:55:06[22m [34m[watch][39m src/pages/index2.astro
[2m23:55:07[22m [34m[200][39m /index2 [2m82ms[22m
[2m23:55:07[22m [34m[200][39m /index2 [2m82ms[22m
[2m00:04:55[22m [34m[watch][39m /src/pages/index2.astro?astro&type=style&index=0&lang.css
[2m00:04:55[22m [34m[watch][39m src/pages/index2.astro
[vite] program reload
[2m00:05:25[22m [34m[watch][39m src/pages/index2.astro
[2m00:05:26[22m [34m[200][39m /index2 [2m76ms[22m
[2m00:05:26[22m [34m[200][39m /index2 [2m76ms[22m
[2m00:16:15[22m [34m[200][39m /index2 [2m4ms[22m
[2m00:16:24[22m [34m[200][39m /index2 [2m4ms[22m
[2m00:20:47[22m [34m[watch][39m /src/pages/index2.astro?astro&type=style&index=0&lang.css
[2m00:20:47[22m [34m[watch][39m src/pages/index2.astro
[vite] program reload
[2m00:21:02[22m [34m[watch][39m src/pages/index2.astro
[2m00:21:02[22m [34m[200][39m /index2 [2m39ms[22m
[2m00:21:02[22m [34m[200][39m /index2 [2m39ms[22m
[2m00:21:08[22m [34m[200][39m /index2 [2m6ms[22m
[2m00:21:11[22m [34m[watch][39m src/pages/index2.astro
[2m00:21:12[22m [34m[200][39m /index2 [2m48ms[22m
[2m00:21:12[22m [34m[200][39m /index2 [2m41ms[22m
[2m00:24:37[22m [34m[watch][39m /src/pages/index2.astro?astro&type=style&index=0&lang.css
[2m00:24:37[22m [34m[watch][39m src/pages/index2.astro
[vite] program reload
[2m00:25:34[22m [34m[watch][39m src/pages/index2.astro
[2m00:25:35[22m [34m[200][39m /index2 [2m63ms[22m
[2m00:25:35[22m [34m[200][39m /index2 [2m64ms[22m
[2m00:30:31[22m [34m[watch][39m src/pages/index2.astro
[2m00:30:32[22m [34m[200][39m /index2 [2m47ms[22m
[2m00:30:32[22m [34m[200][39m /index2 [2m29ms[22m
[2m00:36:54[22m [34m[watch][39m /src/pages/index2.astro?astro&type=style&index=0&lang.css
[2m00:36:54[22m [34m[watch][39m src/pages/index2.astro
[vite] program reload
[2m00:42:19[22m [34m[200][39m /index2 [2m11ms[22m
[2m00:43:00[22m [34m[watch][39m /src/pages/index2.astro?astro&type=style&index=0&lang.css
[2m00:43:00[22m [34m[watch][39m src/pages/index2.astro
[vite] program reload
[2m00:46:51[22m [34m[watch][39m /src/pages/index2.astro?astro&type=style&index=0&lang.css
[2m00:46:51[22m [34m[watch][39m src/pages/index2.astro
[vite] program reload
[2m00:47:02[22m [34m[watch][39m src/pages/index2.astro
[2m00:47:03[22m [34m[200][39m /index2 [2m53ms[22m
[2m00:47:03[22m [34m[200][39m /index2 [2m53ms[22m
[2m00:51:04[22m [34m[watch][39m /src/pages/index2.astro?astro&type=style&index=0&lang.css
[2m00:51:04[22m [34m[watch][39m src/pages/index2.astro
[vite] program reload
[2m00:51:12[22m [34m[watch][39m src/pages/index2.astro
[2m00:51:14[22m [34m[200][39m /index2 [2m65ms[22m
[2m00:51:14[22m [34m[200][39m /index2 [2m65ms[22m
[2m00:53:47[22m [34m[200][39m /index2 [2m5ms[22m
[2m00:53:54[22m [34m[200][39m /index2 [2m4ms[22m
[2m00:54:03[22m [34m[200][39m /index2 [2m3ms[22m
[2m01:11:15[22m [34m[watch][39m /src/pages/index2.astro?astro&type=style&index=0&lang.css
[2m01:11:15[22m [34m[watch][39m src/pages/index2.astro
[vite] program reload
[2m01:11:32[22m [34m[watch][39m src/pages/index2.astro
[2m01:11:33[22m [34m[200][39m /index2 [2m34ms[22m
[2m01:11:33[22m [34m[200][39m /index2 [2m35ms[22m
[2m01:12:11[22m [34m[200][39m /index2 [2m5ms[22m
[2m01:12:21[22m [34m[200][39m /index2 [2m3ms[22m
[2m01:18:03[22m [34m[watch][39m /src/pages/index2.astro?astro&type=style&index=0&lang.css
[2m01:18:03[22m [34m[watch][39m src/pages/index2.astro
[vite] program reload
[2m01:18:09[22m [34m[watch][39m src/pages/index2.astro
[2m01:18:09[22m [34m[200][39m /index2 [2m42ms[22m
[2m01:18:09[22m [34m[200][39m /index2 [2m12ms[22m
[2m01:18:28[22m [34m[watch][39m src/pages/index2.astro
[2m01:18:29[22m [34m[200][39m /index2 [2m66ms[22m
[2m01:18:29[22m [34m[200][39m /index2 [2m66ms[22m
[2m11:57:19[22m [34m[200][39m /index2 [2m5ms[22m
[2m12:07:39[22m [34m[watch][39m src/pages/index2.astro
[2m12:07:40[22m [34m[200][39m /index2 [2m13ms[22m
[2m12:07:40[22m [34m[200][39m /index2 [2m5ms[22m
[2m17:06:49[22m [34m[200][39m /index2 [2m4ms[22m
[2m19:07:01[22m [34m[200][39m /index2 [2m5ms[22m
[2m19:08:59[22m [34m[200][39m /index2 [2m5ms[22m
[2m19:09:03[22m [34m[200][39m /index2 [2m4ms[22m
[2m19:09:14[22m [34m[200][39m /index2 [2m4ms[22m
[2m19:10:24[22m [34m[200][39m /index2 [2m3ms[22m
[2m19:16:58[22m [34m[200][39m /index2 [2m4ms[22m
[2m19:34:35[22m [34m[watch][39m /src/pages/index2.astro?astro&type=style&index=0&lang.css
[2m19:34:35[22m [34m[watch][39m src/pages/index2.astro
[vite] program reload
[2m19:35:08[22m [34m[watch][39m src/pages/index2.astro
[2m19:35:09[22m [34m[200][39m /index2 [2m24ms[22m
[2m19:35:09[22m [34m[200][39m /index2 [2m24ms[22m
[2m21:51:36[22m [34m[200][39m /index2 [2m4ms[22m
[2m21:51:46[22m [34m[200][39m /index2 [2m7ms[22m
[2m21:54:02[22m [34m[200][39m /index2 [2m4ms[22m
[2m21:56:56[22m [34m[200][39m /index2 [2m5ms[22m
[2m22:59:47[22m [34m[200][39m /index2 [2m24ms[22m
[2m22:59:49[22m [34m[watch][39m src/pages/index2.astro
[2m22:59:49[22m [34m[watch][39m src/pages/index2.astro
[2m22:59:51[22m [34m[200][39m /index2 [2m216ms[22m
[2m23:00:09[22m [34m[200][39m /index2 [2m30ms[22m
[2m23:02:29[22m [34m[200][39m /index2 [2m66ms[22m
[2m23:02:40[22m [34m[200][39m /index2 [2m9ms[22m
[2m23:03:58[22m [34m[watch][39m src/pages/index2.astro
[2m23:03:59[22m [34m[200][39m /index2 [2m151ms[22m
[2m23:28:32[22m [34m[200][39m /index2 [2m4ms[22m
[2m23:29:50[22m [34m[watch][39m src/pages/index2.astro
[2m23:29:51[22m [34m[200][39m /index2 [2m336ms[22m
[2m23:31:16[22m [34m[200][39m /index2 [2m3ms[22m
[2m23:32:11[22m [34m[watch][39m src/pages/index2.astro
[2m23:32:12[22m [34m[200][39m /index2 [2m50ms[22m
[2m23:32:40[22m [34m[200][39m /index2 [2m4ms[22m
[2m00:20:44[22m [34m[200][39m /index2 [2m28ms[22m
[2m00:25:02[22m [34m[watch][39m src/components/Nav.astro
[2m00:25:02[22m [34m[watch][39m /src/components/VoicePostCard.astro?astro&type=style&index=0&lang.css
[2m00:25:04[22m [34m[200][39m /index2 [2m251ms[22m
[2m00:25:11[22m [34m[watch][39m src/pages/index2.astro
[2m00:25:12[22m [34m[200][39m /index2 [2m120ms[22m
[2m00:25:25[22m [34m[watch][39m src/pages/index2.astro
[2m00:25:26[22m [34m[200][39m /index2 [2m97ms[22m
[2m18:25:16[22m [34m[watch][39m src/pages/index.astro
[2m18:25:17[22m [34m[200][39m /index2 [2m79ms[22m
