
> frontend@0.0.1 dev
> astro dev --host 127.0.0.1

[2m14:08:02[22m [34m[@astrojs/netlify][39m Enabling sessions with Netlify Blobs
[vite] connected.
[2m14:08:06[22m [34m[vite][39m Environment loaded
[2m14:08:06[22m [34m[vite][39m Middleware loaded. Emulating features: aiGateway, blobs, database, edgeFunctions, functions, geolocation, headers, images, redirects, static.
[2m14:08:06[22m [34m[vite][39m 💭 Linking this project to a Netlify site lets you deploy your site, use any environment variables defined on your team and site and much more. Run npx netlify init to get started.
[2m14:08:06[22m [34m[types][39m Generated [2m2ms[22m
[2m14:08:07[22m [34m[vite][39m Re-optimizing dependencies because vite config has changed
[42m[1m astro [22m[49m [32mv6.4.2[39m [2mready in[22m 8990 [2mms[22m
[2m┃[22m Local    [36mhttp://127.0.0.1:4321/[39m
[2m14:08:07[22m [32mwatching for file changes...[39m
[2m14:08:16[22m [33m[404][39m /index2 [2m504ms[22m
[2m14:08:29[22m [34m[200][39m / [2m8ms[22m
[2m14:08:32[22m [34m[200][39m /inicioSA/ [2m1714ms[22m
[2m14:10:29[22m [34m[200][39m /inicioSA/ [2m595ms[22m
[2m14:10:40[22m [34m[200][39m /inicioSA/ [2m597ms[22m
[2m14:11:07[22m [34m[200][39m /inicioSA/ [2m561ms[22m
[2m14:11:44[22m [34m[watch][39m src/pages/inicioSA.astro
[2m14:11:44[22m [33m[404][39m /inicioSA/ [2m10ms[22m
[2m14:11:45[22m [33m[404][39m /index2 [2m6ms[22m
[2m14:11:45[22m [33m[404][39m /inicioSA/ [2m8ms[22m
[2m14:11:49[22m [33m[404][39m /inicioSA/ [2m5ms[22m
[2m14:36:53[22m [34m[200][39m /inicio [2m1896ms[22m
[2m14:37:01[22m [34m[200][39m /inicio [2m522ms[22m
[2m14:37:10[22m [34m[200][39m /inicio [2m540ms[22m
[2m14:37:18[22m [34m[200][39m /inicio [2m566ms[22m
[2m14:37:26[22m [34m[200][39m /publicaciones [2m571ms[22m
[2m14:37:28[22m [34m[200][39m /quienes-somos [2m16ms[22m
[2m14:37:38[22m [34m[200][39m /inicio [2m573ms[22m
[2m14:37:44[22m [34m[200][39m /inicio [2m537ms[22m
[2m14:38:06[22m [34m[200][39m /inicio [2m547ms[22m
[2m14:38:20[22m [34m[200][39m /inicio [2m548ms[22m
[2m14:38:30[22m [34m[200][39m /inicio [2m1005ms[22m
[2m14:38:42[22m [34m[200][39m /inicio [2m2056ms[22m
[2m14:40:00[22m [34m[200][39m /inicio/ [2m548ms[22m
[2m14:40:33[22m [34m[200][39m /inicio/ [2m565ms[22m
